<?php return array (
  0 => 'Symfony\\Bundle\\FrameworkBundle\\Controller\\Controller',
  1 => 'Doctrine\\Bundle\\DoctrineBundle\\Controller\\ProfilerController',
  3 => 'Symfony\\Bundle\\FrameworkBundle\\Controller\\ControllerNameParser',
  4 => 'Symfony\\Bundle\\FrameworkBundle\\Controller\\ControllerResolver',
  5 => 'Symfony\\Bundle\\FrameworkBundle\\Controller\\RedirectController',
  6 => 'Symfony\\Bundle\\FrameworkBundle\\Controller\\TemplateController',
  7 => 'Symfony\\Bundle\\TwigBundle\\Controller\\ExceptionController',
  8 => 'Symfony\\Bundle\\TwigBundle\\Controller\\PreviewErrorController',
  9 => 'Symfony\\Bundle\\WebProfilerBundle\\Controller\\ExceptionController',
  10 => 'Symfony\\Bundle\\WebProfilerBundle\\Controller\\ProfilerController',
  11 => 'Symfony\\Bundle\\WebProfilerBundle\\Controller\\RouterController',
  12 => 'Webberdoo\\AppBundle\\Entity\\ApiKey',
  13 => 'Webberdoo\\AppBundle\\Entity\\Category',
  14 => 'Webberdoo\\AppBundle\\Entity\\Channel',
  15 => 'Webberdoo\\AppBundle\\Entity\\Like',
  16 => 'Webberdoo\\AppBundle\\Entity\\LikedVideo',
  17 => 'Webberdoo\\AppBundle\\Entity\\Page',
  18 => 'Webberdoo\\AppBundle\\Entity\\PasswordHash',
  19 => 'Webberdoo\\AppBundle\\Entity\\Post',
  20 => 'Webberdoo\\AppBundle\\Entity\\Setting',
  21 => 'Webberdoo\\AppBundle\\Entity\\User',
  22 => 'Webberdoo\\AppBundle\\Entity\\Video',
  23 => 'Webberdoo\\AppBundle\\Entity\\Widget',
);